// Jest Snapshot v1, https://goo.gl/fbAQLP

exports[`Should render ExpenseListItem with expense element 1`] = `
<div>
  <Link
    to="/edit/1"
  >
    <h1>
      Gum bill
    </h1>
  </Link>
  <h2>
    Amount: 
    50
  </h2>
  <h2>
    Created at: 
    0
  </h2>
</div>
`;
