// Jest Snapshot v1, https://goo.gl/fbAQLP

exports[`Should render ExpenseList with expenses 1`] = `
<div>
  <h1>
    Expense List
  </h1>
  <div>
    <ExpenseListItem
      amount={50}
      createdAt={0}
      description="Gum bill"
      id="1"
      key="1"
      note="Test note"
    />
    <ExpenseListItem
      amount={25000}
      createdAt={-345600000}
      description="Rent bill"
      id="2"
      key="2"
      note="Test note"
    />
    <ExpenseListItem
      amount={50000}
      createdAt={345600000}
      description="Credit bill"
      id="3"
      key="3"
      note="Test note"
    />
  </div>
</div>
`;

exports[`Should render expenseList with no expenses 1`] = `
<div>
  <h1>
    Expense List
  </h1>
  <p>
    No expenses
  </p>
</div>
`;
